Analysis & Synthesis report for TFlipFlop
Fri Nov 15 16:44:00 2024
Quartus II 64-Bit Version 13.1.0 Build 162 10/23/2013 SJ Web Edition


---------------------
; Table of Contents ;
---------------------
  1. Legal Notice
  2. Analysis & Synthesis Summary
  3. Analysis & Synthesis Settings
  4. Parallel Compilation
  5. Analysis & Synthesis Source Files Read
  6. Analysis & Synthesis Resource Usage Summary
  7. Analysis & Synthesis Resource Utilization by Entity
  8. Logic Cells Representing Combinational Loops
  9. General Register Statistics
 10. Port Connectivity Checks: "BinaryCounter:comb_3|TFlipFlop:comb_16"
 11. Port Connectivity Checks: "BinaryCounter:comb_3|TFlipFlop:comb_14"
 12. Port Connectivity Checks: "BinaryCounter:comb_3|TFlipFlop:comb_12"
 13. Port Connectivity Checks: "BinaryCounter:comb_3|TFlipFlop:comb_10"
 14. Port Connectivity Checks: "BinaryCounter:comb_3|TFlipFlop:comb_8"
 15. Port Connectivity Checks: "BinaryCounter:comb_3|TFlipFlop:comb_6"
 16. Port Connectivity Checks: "BinaryCounter:comb_3|TFlipFlop:comb_4"
 17. Port Connectivity Checks: "BinaryCounter:comb_3|TFlipFlop:comb_3|DFlipFlop:comb_3|DLatchKevin:comb_4"
 18. Port Connectivity Checks: "BinaryCounter:comb_3|TFlipFlop:comb_3"
 19. Elapsed Time Per Partition
 20. Analysis & Synthesis Messages



----------------
; Legal Notice ;
----------------
Copyright (C) 1991-2013 Altera Corporation
Your use of Altera Corporation's design tools, logic functions 
and other software and tools, and its AMPP partner logic 
functions, and any output files from any of the foregoing 
(including device programming or simulation files), and any 
associated documentation or information are expressly subject 
to the terms and conditions of the Altera Program License 
Subscription Agreement, Altera MegaCore Function License 
Agreement, or other applicable license agreement, including, 
without limitation, that your use is for the sole purpose of 
programming logic devices manufactured by Altera and sold by 
Altera or its authorized distributors.  Please refer to the 
applicable agreement for further details.



+---------------------------------------------------------------------------------+
; Analysis & Synthesis Summary                                                    ;
+------------------------------------+--------------------------------------------+
; Analysis & Synthesis Status        ; Successful - Fri Nov 15 16:44:00 2024      ;
; Quartus II 64-Bit Version          ; 13.1.0 Build 162 10/23/2013 SJ Web Edition ;
; Revision Name                      ; TFlipFlop                                  ;
; Top-level Entity Name              ; BinaryCounterTest                          ;
; Family                             ; Cyclone IV E                               ;
; Total logic elements               ; 16                                         ;
;     Total combinational functions  ; 16                                         ;
;     Dedicated logic registers      ; 0                                          ;
; Total registers                    ; 0                                          ;
; Total pins                         ; 10                                         ;
; Total virtual pins                 ; 0                                          ;
; Total memory bits                  ; 0                                          ;
; Embedded Multiplier 9-bit elements ; 0                                          ;
; Total PLLs                         ; 0                                          ;
+------------------------------------+--------------------------------------------+


+----------------------------------------------------------------------------------------------------------------------+
; Analysis & Synthesis Settings                                                                                        ;
+----------------------------------------------------------------------------+--------------------+--------------------+
; Option                                                                     ; Setting            ; Default Value      ;
+----------------------------------------------------------------------------+--------------------+--------------------+
; Device                                                                     ; EP4CE115F29C7      ;                    ;
; Top-level entity name                                                      ; BinaryCounterTest  ; TFlipFlop          ;
; Family name                                                                ; Cyclone IV E       ; Cyclone IV GX      ;
; Use smart compilation                                                      ; Off                ; Off                ;
; Enable parallel Assembler and TimeQuest Timing Analyzer during compilation ; On                 ; On                 ;
; Enable compact report table                                                ; Off                ; Off                ;
; Restructure Multiplexers                                                   ; Auto               ; Auto               ;
; Create Debugging Nodes for IP Cores                                        ; Off                ; Off                ;
; Preserve fewer node names                                                  ; On                 ; On                 ;
; Disable OpenCore Plus hardware evaluation                                  ; Off                ; Off                ;
; Verilog Version                                                            ; Verilog_2001       ; Verilog_2001       ;
; VHDL Version                                                               ; VHDL_1993          ; VHDL_1993          ;
; State Machine Processing                                                   ; Auto               ; Auto               ;
; Safe State Machine                                                         ; Off                ; Off                ;
; Extract Verilog State Machines                                             ; On                 ; On                 ;
; Extract VHDL State Machines                                                ; On                 ; On                 ;
; Ignore Verilog initial constructs                                          ; Off                ; Off                ;
; Iteration limit for constant Verilog loops                                 ; 5000               ; 5000               ;
; Iteration limit for non-constant Verilog loops                             ; 250                ; 250                ;
; Add Pass-Through Logic to Inferred RAMs                                    ; On                 ; On                 ;
; Infer RAMs from Raw Logic                                                  ; On                 ; On                 ;
; Parallel Synthesis                                                         ; On                 ; On                 ;
; DSP Block Balancing                                                        ; Auto               ; Auto               ;
; NOT Gate Push-Back                                                         ; On                 ; On                 ;
; Power-Up Don't Care                                                        ; On                 ; On                 ;
; Remove Redundant Logic Cells                                               ; Off                ; Off                ;
; Remove Duplicate Registers                                                 ; On                 ; On                 ;
; Ignore CARRY Buffers                                                       ; Off                ; Off                ;
; Ignore CASCADE Buffers                                                     ; Off                ; Off                ;
; Ignore GLOBAL Buffers                                                      ; Off                ; Off                ;
; Ignore ROW GLOBAL Buffers                                                  ; Off                ; Off                ;
; Ignore LCELL Buffers                                                       ; Off                ; Off                ;
; Ignore SOFT Buffers                                                        ; On                 ; On                 ;
; Limit AHDL Integers to 32 Bits                                             ; Off                ; Off                ;
; Optimization Technique                                                     ; Balanced           ; Balanced           ;
; Carry Chain Length                                                         ; 70                 ; 70                 ;
; Auto Carry Chains                                                          ; On                 ; On                 ;
; Auto Open-Drain Pins                                                       ; On                 ; On                 ;
; Perform WYSIWYG Primitive Resynthesis                                      ; Off                ; Off                ;
; Auto ROM Replacement                                                       ; On                 ; On                 ;
; Auto RAM Replacement                                                       ; On                 ; On                 ;
; Auto DSP Block Replacement                                                 ; On                 ; On                 ;
; Auto Shift Register Replacement                                            ; Auto               ; Auto               ;
; Allow Shift Register Merging across Hierarchies                            ; Auto               ; Auto               ;
; Auto Clock Enable Replacement                                              ; On                 ; On                 ;
; Strict RAM Replacement                                                     ; Off                ; Off                ;
; Allow Synchronous Control Signals                                          ; On                 ; On                 ;
; Force Use of Synchronous Clear Signals                                     ; Off                ; Off                ;
; Auto RAM Block Balancing                                                   ; On                 ; On                 ;
; Auto RAM to Logic Cell Conversion                                          ; Off                ; Off                ;
; Auto Resource Sharing                                                      ; Off                ; Off                ;
; Allow Any RAM Size For Recognition                                         ; Off                ; Off                ;
; Allow Any ROM Size For Recognition                                         ; Off                ; Off                ;
; Allow Any Shift Register Size For Recognition                              ; Off                ; Off                ;
; Use LogicLock Constraints during Resource Balancing                        ; On                 ; On                 ;
; Ignore translate_off and synthesis_off directives                          ; Off                ; Off                ;
; Timing-Driven Synthesis                                                    ; On                 ; On                 ;
; Report Parameter Settings                                                  ; On                 ; On                 ;
; Report Source Assignments                                                  ; On                 ; On                 ;
; Report Connectivity Checks                                                 ; On                 ; On                 ;
; Ignore Maximum Fan-Out Assignments                                         ; Off                ; Off                ;
; Synchronization Register Chain Length                                      ; 2                  ; 2                  ;
; PowerPlay Power Optimization                                               ; Normal compilation ; Normal compilation ;
; HDL message level                                                          ; Level2             ; Level2             ;
; Suppress Register Optimization Related Messages                            ; Off                ; Off                ;
; Number of Removed Registers Reported in Synthesis Report                   ; 5000               ; 5000               ;
; Number of Swept Nodes Reported in Synthesis Report                         ; 5000               ; 5000               ;
; Number of Inverted Registers Reported in Synthesis Report                  ; 100                ; 100                ;
; Clock MUX Protection                                                       ; On                 ; On                 ;
; Auto Gated Clock Conversion                                                ; Off                ; Off                ;
; Block Design Naming                                                        ; Auto               ; Auto               ;
; SDC constraint protection                                                  ; Off                ; Off                ;
; Synthesis Effort                                                           ; Auto               ; Auto               ;
; Shift Register Replacement - Allow Asynchronous Clear Signal               ; On                 ; On                 ;
; Pre-Mapping Resynthesis Optimization                                       ; Off                ; Off                ;
; Analysis & Synthesis Message Level                                         ; Medium             ; Medium             ;
; Disable Register Merging Across Hierarchies                                ; Auto               ; Auto               ;
; Resource Aware Inference For Block RAM                                     ; On                 ; On                 ;
; Synthesis Seed                                                             ; 1                  ; 1                  ;
+----------------------------------------------------------------------------+--------------------+--------------------+


+------------------------------------------+
; Parallel Compilation                     ;
+----------------------------+-------------+
; Processors                 ; Number      ;
+----------------------------+-------------+
; Number detected on machine ; 4           ;
; Maximum allowed            ; 2           ;
;                            ;             ;
; Average used               ; 1.00        ;
; Maximum used               ; 1           ;
;                            ;             ;
; Usage by Processor         ; % Time Used ;
;     Processor 1            ; 100.0%      ;
;     Processors 2-4         ;   0.0%      ;
+----------------------------+-------------+


+---------------------------------------------------------------------------------------------------------------------------------------------------------+
; Analysis & Synthesis Source Files Read                                                                                                                  ;
+----------------------------------+-----------------+------------------------+-----------------------------------------------------------------+---------+
; File Name with User-Entered Path ; Used in Netlist ; File Type              ; File Name with Absolute Path                                    ; Library ;
+----------------------------------+-----------------+------------------------+-----------------------------------------------------------------+---------+
; ../DFlipFlop/DLatch.v            ; yes             ; User Verilog HDL File  ; C:/Users/User/Documents/KevinYang/DFlipFlop/DLatch.v            ;         ;
; ../DFlipFlop/DFlipFlop.v         ; yes             ; User Verilog HDL File  ; C:/Users/User/Documents/KevinYang/DFlipFlop/DFlipFlop.v         ;         ;
; ../DFlipFlop/SRNorLatch.v        ; yes             ; User Verilog HDL File  ; C:/Users/User/Documents/KevinYang/DFlipFlop/SRNorLatch.v        ;         ;
; TFlipFlop.v                      ; yes             ; User Verilog HDL File  ; C:/Users/User/Documents/KevinYang/TFlipFlop/TFlipFlop.v         ;         ;
; BinaryCounter.v                  ; yes             ; User Verilog HDL File  ; C:/Users/User/Documents/KevinYang/TFlipFlop/BinaryCounter.v     ;         ;
; BinaryCounterTest.v              ; yes             ; User Verilog HDL File  ; C:/Users/User/Documents/KevinYang/TFlipFlop/BinaryCounterTest.v ;         ;
+----------------------------------+-----------------+------------------------+-----------------------------------------------------------------+---------+


+-----------------------------------------------------------+
; Analysis & Synthesis Resource Usage Summary               ;
+---------------------------------------------+-------------+
; Resource                                    ; Usage       ;
+---------------------------------------------+-------------+
; Estimated Total logic elements              ; 16          ;
;                                             ;             ;
; Total combinational functions               ; 16          ;
; Logic element usage by number of LUT inputs ;             ;
;     -- 4 input functions                    ; 8           ;
;     -- 3 input functions                    ; 8           ;
;     -- <=2 input functions                  ; 0           ;
;                                             ;             ;
; Logic elements by mode                      ;             ;
;     -- normal mode                          ; 16          ;
;     -- arithmetic mode                      ; 0           ;
;                                             ;             ;
; Total registers                             ; 0           ;
;     -- Dedicated logic registers            ; 0           ;
;     -- I/O registers                        ; 0           ;
;                                             ;             ;
; I/O pins                                    ; 10          ;
; Embedded Multiplier 9-bit elements          ; 0           ;
; Maximum fan-out node                        ; SW[0]~input ;
; Maximum fan-out                             ; 8           ;
; Total fan-out                               ; 74          ;
; Average fan-out                             ; 2.06        ;
+---------------------------------------------+-------------+


+---------------------------------------------------------------------------------------------------------------------------------------------------------------------------------------------------------------------------------------------------------------------------------+
; Analysis & Synthesis Resource Utilization by Entity                                                                                                                                                                                                                             ;
+------------------------------------+-------------------+--------------+-------------+--------------+---------+-----------+------+--------------+-----------------------------------------------------------------------------------------------------------------+--------------+
; Compilation Hierarchy Node         ; LC Combinationals ; LC Registers ; Memory Bits ; DSP Elements ; DSP 9x9 ; DSP 18x18 ; Pins ; Virtual Pins ; Full Hierarchy Name                                                                                             ; Library Name ;
+------------------------------------+-------------------+--------------+-------------+--------------+---------+-----------+------+--------------+-----------------------------------------------------------------------------------------------------------------+--------------+
; |BinaryCounterTest                 ; 16 (0)            ; 0 (0)        ; 0           ; 0            ; 0       ; 0         ; 10   ; 0            ; |BinaryCounterTest                                                                                              ; work         ;
;    |BinaryCounter:comb_3|          ; 16 (0)            ; 0 (0)        ; 0           ; 0            ; 0       ; 0         ; 0    ; 0            ; |BinaryCounterTest|BinaryCounter:comb_3                                                                         ; work         ;
;       |TFlipFlop:comb_10|          ; 2 (0)             ; 0 (0)        ; 0           ; 0            ; 0       ; 0         ; 0    ; 0            ; |BinaryCounterTest|BinaryCounter:comb_3|TFlipFlop:comb_10                                                       ; work         ;
;          |DFlipFlop:comb_3|        ; 2 (0)             ; 0 (0)        ; 0           ; 0            ; 0       ; 0         ; 0    ; 0            ; |BinaryCounterTest|BinaryCounter:comb_3|TFlipFlop:comb_10|DFlipFlop:comb_3                                      ; work         ;
;             |DLatchKevin:comb_4|   ; 1 (0)             ; 0 (0)        ; 0           ; 0            ; 0       ; 0         ; 0    ; 0            ; |BinaryCounterTest|BinaryCounter:comb_3|TFlipFlop:comb_10|DFlipFlop:comb_3|DLatchKevin:comb_4                   ; work         ;
;                |SRNorLatch:comb_3| ; 1 (1)             ; 0 (0)        ; 0           ; 0            ; 0       ; 0         ; 0    ; 0            ; |BinaryCounterTest|BinaryCounter:comb_3|TFlipFlop:comb_10|DFlipFlop:comb_3|DLatchKevin:comb_4|SRNorLatch:comb_3 ; work         ;
;             |DLatchKevin:comb_6|   ; 1 (0)             ; 0 (0)        ; 0           ; 0            ; 0       ; 0         ; 0    ; 0            ; |BinaryCounterTest|BinaryCounter:comb_3|TFlipFlop:comb_10|DFlipFlop:comb_3|DLatchKevin:comb_6                   ; work         ;
;                |SRNorLatch:comb_3| ; 1 (1)             ; 0 (0)        ; 0           ; 0            ; 0       ; 0         ; 0    ; 0            ; |BinaryCounterTest|BinaryCounter:comb_3|TFlipFlop:comb_10|DFlipFlop:comb_3|DLatchKevin:comb_6|SRNorLatch:comb_3 ; work         ;
;       |TFlipFlop:comb_12|          ; 2 (0)             ; 0 (0)        ; 0           ; 0            ; 0       ; 0         ; 0    ; 0            ; |BinaryCounterTest|BinaryCounter:comb_3|TFlipFlop:comb_12                                                       ; work         ;
;          |DFlipFlop:comb_3|        ; 2 (0)             ; 0 (0)        ; 0           ; 0            ; 0       ; 0         ; 0    ; 0            ; |BinaryCounterTest|BinaryCounter:comb_3|TFlipFlop:comb_12|DFlipFlop:comb_3                                      ; work         ;
;             |DLatchKevin:comb_4|   ; 1 (0)             ; 0 (0)        ; 0           ; 0            ; 0       ; 0         ; 0    ; 0            ; |BinaryCounterTest|BinaryCounter:comb_3|TFlipFlop:comb_12|DFlipFlop:comb_3|DLatchKevin:comb_4                   ; work         ;
;                |SRNorLatch:comb_3| ; 1 (1)             ; 0 (0)        ; 0           ; 0            ; 0       ; 0         ; 0    ; 0            ; |BinaryCounterTest|BinaryCounter:comb_3|TFlipFlop:comb_12|DFlipFlop:comb_3|DLatchKevin:comb_4|SRNorLatch:comb_3 ; work         ;
;             |DLatchKevin:comb_6|   ; 1 (0)             ; 0 (0)        ; 0           ; 0            ; 0       ; 0         ; 0    ; 0            ; |BinaryCounterTest|BinaryCounter:comb_3|TFlipFlop:comb_12|DFlipFlop:comb_3|DLatchKevin:comb_6                   ; work         ;
;                |SRNorLatch:comb_3| ; 1 (1)             ; 0 (0)        ; 0           ; 0            ; 0       ; 0         ; 0    ; 0            ; |BinaryCounterTest|BinaryCounter:comb_3|TFlipFlop:comb_12|DFlipFlop:comb_3|DLatchKevin:comb_6|SRNorLatch:comb_3 ; work         ;
;       |TFlipFlop:comb_14|          ; 2 (0)             ; 0 (0)        ; 0           ; 0            ; 0       ; 0         ; 0    ; 0            ; |BinaryCounterTest|BinaryCounter:comb_3|TFlipFlop:comb_14                                                       ; work         ;
;          |DFlipFlop:comb_3|        ; 2 (0)             ; 0 (0)        ; 0           ; 0            ; 0       ; 0         ; 0    ; 0            ; |BinaryCounterTest|BinaryCounter:comb_3|TFlipFlop:comb_14|DFlipFlop:comb_3                                      ; work         ;
;             |DLatchKevin:comb_4|   ; 1 (0)             ; 0 (0)        ; 0           ; 0            ; 0       ; 0         ; 0    ; 0            ; |BinaryCounterTest|BinaryCounter:comb_3|TFlipFlop:comb_14|DFlipFlop:comb_3|DLatchKevin:comb_4                   ; work         ;
;                |SRNorLatch:comb_3| ; 1 (1)             ; 0 (0)        ; 0           ; 0            ; 0       ; 0         ; 0    ; 0            ; |BinaryCounterTest|BinaryCounter:comb_3|TFlipFlop:comb_14|DFlipFlop:comb_3|DLatchKevin:comb_4|SRNorLatch:comb_3 ; work         ;
;             |DLatchKevin:comb_6|   ; 1 (0)             ; 0 (0)        ; 0           ; 0            ; 0       ; 0         ; 0    ; 0            ; |BinaryCounterTest|BinaryCounter:comb_3|TFlipFlop:comb_14|DFlipFlop:comb_3|DLatchKevin:comb_6                   ; work         ;
;                |SRNorLatch:comb_3| ; 1 (1)             ; 0 (0)        ; 0           ; 0            ; 0       ; 0         ; 0    ; 0            ; |BinaryCounterTest|BinaryCounter:comb_3|TFlipFlop:comb_14|DFlipFlop:comb_3|DLatchKevin:comb_6|SRNorLatch:comb_3 ; work         ;
;       |TFlipFlop:comb_16|          ; 2 (0)             ; 0 (0)        ; 0           ; 0            ; 0       ; 0         ; 0    ; 0            ; |BinaryCounterTest|BinaryCounter:comb_3|TFlipFlop:comb_16                                                       ; work         ;
;          |DFlipFlop:comb_3|        ; 2 (0)             ; 0 (0)        ; 0           ; 0            ; 0       ; 0         ; 0    ; 0            ; |BinaryCounterTest|BinaryCounter:comb_3|TFlipFlop:comb_16|DFlipFlop:comb_3                                      ; work         ;
;             |DLatchKevin:comb_4|   ; 1 (0)             ; 0 (0)        ; 0           ; 0            ; 0       ; 0         ; 0    ; 0            ; |BinaryCounterTest|BinaryCounter:comb_3|TFlipFlop:comb_16|DFlipFlop:comb_3|DLatchKevin:comb_4                   ; work         ;
;                |SRNorLatch:comb_3| ; 1 (1)             ; 0 (0)        ; 0           ; 0            ; 0       ; 0         ; 0    ; 0            ; |BinaryCounterTest|BinaryCounter:comb_3|TFlipFlop:comb_16|DFlipFlop:comb_3|DLatchKevin:comb_4|SRNorLatch:comb_3 ; work         ;
;             |DLatchKevin:comb_6|   ; 1 (0)             ; 0 (0)        ; 0           ; 0            ; 0       ; 0         ; 0    ; 0            ; |BinaryCounterTest|BinaryCounter:comb_3|TFlipFlop:comb_16|DFlipFlop:comb_3|DLatchKevin:comb_6                   ; work         ;
;                |SRNorLatch:comb_3| ; 1 (1)             ; 0 (0)        ; 0           ; 0            ; 0       ; 0         ; 0    ; 0            ; |BinaryCounterTest|BinaryCounter:comb_3|TFlipFlop:comb_16|DFlipFlop:comb_3|DLatchKevin:comb_6|SRNorLatch:comb_3 ; work         ;
;       |TFlipFlop:comb_3|           ; 2 (0)             ; 0 (0)        ; 0           ; 0            ; 0       ; 0         ; 0    ; 0            ; |BinaryCounterTest|BinaryCounter:comb_3|TFlipFlop:comb_3                                                        ; work         ;
;          |DFlipFlop:comb_3|        ; 2 (0)             ; 0 (0)        ; 0           ; 0            ; 0       ; 0         ; 0    ; 0            ; |BinaryCounterTest|BinaryCounter:comb_3|TFlipFlop:comb_3|DFlipFlop:comb_3                                       ; work         ;
;             |DLatchKevin:comb_4|   ; 1 (0)             ; 0 (0)        ; 0           ; 0            ; 0       ; 0         ; 0    ; 0            ; |BinaryCounterTest|BinaryCounter:comb_3|TFlipFlop:comb_3|DFlipFlop:comb_3|DLatchKevin:comb_4                    ; work         ;
;                |SRNorLatch:comb_3| ; 1 (1)             ; 0 (0)        ; 0           ; 0            ; 0       ; 0         ; 0    ; 0            ; |BinaryCounterTest|BinaryCounter:comb_3|TFlipFlop:comb_3|DFlipFlop:comb_3|DLatchKevin:comb_4|SRNorLatch:comb_3  ; work         ;
;             |DLatchKevin:comb_6|   ; 1 (0)             ; 0 (0)        ; 0           ; 0            ; 0       ; 0         ; 0    ; 0            ; |BinaryCounterTest|BinaryCounter:comb_3|TFlipFlop:comb_3|DFlipFlop:comb_3|DLatchKevin:comb_6                    ; work         ;
;                |SRNorLatch:comb_3| ; 1 (1)             ; 0 (0)        ; 0           ; 0            ; 0       ; 0         ; 0    ; 0            ; |BinaryCounterTest|BinaryCounter:comb_3|TFlipFlop:comb_3|DFlipFlop:comb_3|DLatchKevin:comb_6|SRNorLatch:comb_3  ; work         ;
;       |TFlipFlop:comb_4|           ; 2 (0)             ; 0 (0)        ; 0           ; 0            ; 0       ; 0         ; 0    ; 0            ; |BinaryCounterTest|BinaryCounter:comb_3|TFlipFlop:comb_4                                                        ; work         ;
;          |DFlipFlop:comb_3|        ; 2 (0)             ; 0 (0)        ; 0           ; 0            ; 0       ; 0         ; 0    ; 0            ; |BinaryCounterTest|BinaryCounter:comb_3|TFlipFlop:comb_4|DFlipFlop:comb_3                                       ; work         ;
;             |DLatchKevin:comb_4|   ; 1 (0)             ; 0 (0)        ; 0           ; 0            ; 0       ; 0         ; 0    ; 0            ; |BinaryCounterTest|BinaryCounter:comb_3|TFlipFlop:comb_4|DFlipFlop:comb_3|DLatchKevin:comb_4                    ; work         ;
;                |SRNorLatch:comb_3| ; 1 (1)             ; 0 (0)        ; 0           ; 0            ; 0       ; 0         ; 0    ; 0            ; |BinaryCounterTest|BinaryCounter:comb_3|TFlipFlop:comb_4|DFlipFlop:comb_3|DLatchKevin:comb_4|SRNorLatch:comb_3  ; work         ;
;             |DLatchKevin:comb_6|   ; 1 (0)             ; 0 (0)        ; 0           ; 0            ; 0       ; 0         ; 0    ; 0            ; |BinaryCounterTest|BinaryCounter:comb_3|TFlipFlop:comb_4|DFlipFlop:comb_3|DLatchKevin:comb_6                    ; work         ;
;                |SRNorLatch:comb_3| ; 1 (1)             ; 0 (0)        ; 0           ; 0            ; 0       ; 0         ; 0    ; 0            ; |BinaryCounterTest|BinaryCounter:comb_3|TFlipFlop:comb_4|DFlipFlop:comb_3|DLatchKevin:comb_6|SRNorLatch:comb_3  ; work         ;
;       |TFlipFlop:comb_6|           ; 2 (0)             ; 0 (0)        ; 0           ; 0            ; 0       ; 0         ; 0    ; 0            ; |BinaryCounterTest|BinaryCounter:comb_3|TFlipFlop:comb_6                                                        ; work         ;
;          |DFlipFlop:comb_3|        ; 2 (0)             ; 0 (0)        ; 0           ; 0            ; 0       ; 0         ; 0    ; 0            ; |BinaryCounterTest|BinaryCounter:comb_3|TFlipFlop:comb_6|DFlipFlop:comb_3                                       ; work         ;
;             |DLatchKevin:comb_4|   ; 1 (0)             ; 0 (0)        ; 0           ; 0            ; 0       ; 0         ; 0    ; 0            ; |BinaryCounterTest|BinaryCounter:comb_3|TFlipFlop:comb_6|DFlipFlop:comb_3|DLatchKevin:comb_4                    ; work         ;
;                |SRNorLatch:comb_3| ; 1 (1)             ; 0 (0)        ; 0           ; 0            ; 0       ; 0         ; 0    ; 0            ; |BinaryCounterTest|BinaryCounter:comb_3|TFlipFlop:comb_6|DFlipFlop:comb_3|DLatchKevin:comb_4|SRNorLatch:comb_3  ; work         ;
;             |DLatchKevin:comb_6|   ; 1 (0)             ; 0 (0)        ; 0           ; 0            ; 0       ; 0         ; 0    ; 0            ; |BinaryCounterTest|BinaryCounter:comb_3|TFlipFlop:comb_6|DFlipFlop:comb_3|DLatchKevin:comb_6                    ; work         ;
;                |SRNorLatch:comb_3| ; 1 (1)             ; 0 (0)        ; 0           ; 0            ; 0       ; 0         ; 0    ; 0            ; |BinaryCounterTest|BinaryCounter:comb_3|TFlipFlop:comb_6|DFlipFlop:comb_3|DLatchKevin:comb_6|SRNorLatch:comb_3  ; work         ;
;       |TFlipFlop:comb_8|           ; 2 (0)             ; 0 (0)        ; 0           ; 0            ; 0       ; 0         ; 0    ; 0            ; |BinaryCounterTest|BinaryCounter:comb_3|TFlipFlop:comb_8                                                        ; work         ;
;          |DFlipFlop:comb_3|        ; 2 (0)             ; 0 (0)        ; 0           ; 0            ; 0       ; 0         ; 0    ; 0            ; |BinaryCounterTest|BinaryCounter:comb_3|TFlipFlop:comb_8|DFlipFlop:comb_3                                       ; work         ;
;             |DLatchKevin:comb_4|   ; 1 (0)             ; 0 (0)        ; 0           ; 0            ; 0       ; 0         ; 0    ; 0            ; |BinaryCounterTest|BinaryCounter:comb_3|TFlipFlop:comb_8|DFlipFlop:comb_3|DLatchKevin:comb_4                    ; work         ;
;                |SRNorLatch:comb_3| ; 1 (1)             ; 0 (0)        ; 0           ; 0            ; 0       ; 0         ; 0    ; 0            ; |BinaryCounterTest|BinaryCounter:comb_3|TFlipFlop:comb_8|DFlipFlop:comb_3|DLatchKevin:comb_4|SRNorLatch:comb_3  ; work         ;
;             |DLatchKevin:comb_6|   ; 1 (0)             ; 0 (0)        ; 0           ; 0            ; 0       ; 0         ; 0    ; 0            ; |BinaryCounterTest|BinaryCounter:comb_3|TFlipFlop:comb_8|DFlipFlop:comb_3|DLatchKevin:comb_6                    ; work         ;
;                |SRNorLatch:comb_3| ; 1 (1)             ; 0 (0)        ; 0           ; 0            ; 0       ; 0         ; 0    ; 0            ; |BinaryCounterTest|BinaryCounter:comb_3|TFlipFlop:comb_8|DFlipFlop:comb_3|DLatchKevin:comb_6|SRNorLatch:comb_3  ; work         ;
+------------------------------------+-------------------+--------------+-------------+--------------+---------+-----------+------+--------------+-----------------------------------------------------------------------------------------------------------------+--------------+
Note: For table entries with two numbers listed, the numbers in parentheses indicate the number of resources of the given type used by the specific entity alone. The numbers listed outside of parentheses indicate the total resources of the given type used by the specific entity and all of its sub-entities in the hierarchy.


+-------------------------------------------------------------------------------------------------------+
; Logic Cells Representing Combinational Loops                                                          ;
+--------------------------------------------------------------------------------------------------+----+
; Logic Cell Name                                                                                  ;    ;
+--------------------------------------------------------------------------------------------------+----+
; BinaryCounter:comb_3|TFlipFlop:comb_3|DFlipFlop:comb_3|DLatchKevin:comb_6|SRNorLatch:comb_3|Q~0  ;    ;
; BinaryCounter:comb_3|TFlipFlop:comb_4|DFlipFlop:comb_3|DLatchKevin:comb_6|SRNorLatch:comb_3|Q~0  ;    ;
; BinaryCounter:comb_3|TFlipFlop:comb_6|DFlipFlop:comb_3|DLatchKevin:comb_6|SRNorLatch:comb_3|Q~0  ;    ;
; BinaryCounter:comb_3|TFlipFlop:comb_8|DFlipFlop:comb_3|DLatchKevin:comb_6|SRNorLatch:comb_3|Q~0  ;    ;
; BinaryCounter:comb_3|TFlipFlop:comb_10|DFlipFlop:comb_3|DLatchKevin:comb_6|SRNorLatch:comb_3|Q~0 ;    ;
; BinaryCounter:comb_3|TFlipFlop:comb_12|DFlipFlop:comb_3|DLatchKevin:comb_6|SRNorLatch:comb_3|Q~0 ;    ;
; BinaryCounter:comb_3|TFlipFlop:comb_14|DFlipFlop:comb_3|DLatchKevin:comb_6|SRNorLatch:comb_3|Q~0 ;    ;
; BinaryCounter:comb_3|TFlipFlop:comb_16|DFlipFlop:comb_3|DLatchKevin:comb_6|SRNorLatch:comb_3|Q~0 ;    ;
; BinaryCounter:comb_3|TFlipFlop:comb_3|DFlipFlop:comb_3|DLatchKevin:comb_4|SRNorLatch:comb_3|Q~0  ;    ;
; BinaryCounter:comb_3|TFlipFlop:comb_4|DFlipFlop:comb_3|DLatchKevin:comb_4|SRNorLatch:comb_3|Q~0  ;    ;
; BinaryCounter:comb_3|TFlipFlop:comb_6|DFlipFlop:comb_3|DLatchKevin:comb_4|SRNorLatch:comb_3|Q~0  ;    ;
; BinaryCounter:comb_3|TFlipFlop:comb_8|DFlipFlop:comb_3|DLatchKevin:comb_4|SRNorLatch:comb_3|Q~0  ;    ;
; BinaryCounter:comb_3|TFlipFlop:comb_10|DFlipFlop:comb_3|DLatchKevin:comb_4|SRNorLatch:comb_3|Q~0 ;    ;
; BinaryCounter:comb_3|TFlipFlop:comb_12|DFlipFlop:comb_3|DLatchKevin:comb_4|SRNorLatch:comb_3|Q~0 ;    ;
; BinaryCounter:comb_3|TFlipFlop:comb_14|DFlipFlop:comb_3|DLatchKevin:comb_4|SRNorLatch:comb_3|Q~0 ;    ;
; BinaryCounter:comb_3|TFlipFlop:comb_16|DFlipFlop:comb_3|DLatchKevin:comb_4|SRNorLatch:comb_3|Q~0 ;    ;
; Number of logic cells representing combinational loops                                           ; 16 ;
+--------------------------------------------------------------------------------------------------+----+
Note: All cells listed above may not be present at the end of synthesis due to various synthesis optimizations.


+------------------------------------------------------+
; General Register Statistics                          ;
+----------------------------------------------+-------+
; Statistic                                    ; Value ;
+----------------------------------------------+-------+
; Total registers                              ; 0     ;
; Number of registers using Synchronous Clear  ; 0     ;
; Number of registers using Synchronous Load   ; 0     ;
; Number of registers using Asynchronous Clear ; 0     ;
; Number of registers using Asynchronous Load  ; 0     ;
; Number of registers using Clock Enable       ; 0     ;
; Number of registers using Preset             ; 0     ;
+----------------------------------------------+-------+


+----------------------------------------------------------------------------------------------------------------+
; Port Connectivity Checks: "BinaryCounter:comb_3|TFlipFlop:comb_16"                                             ;
+------+--------+----------+-------------------------------------------------------------------------------------+
; Port ; Type   ; Severity ; Details                                                                             ;
+------+--------+----------+-------------------------------------------------------------------------------------+
; Qbar ; Output ; Info     ; Connected to dangling logic. Logic that only feeds a dangling port will be removed. ;
+------+--------+----------+-------------------------------------------------------------------------------------+


+----------------------------------------------------------------------------------------------------------------+
; Port Connectivity Checks: "BinaryCounter:comb_3|TFlipFlop:comb_14"                                             ;
+------+--------+----------+-------------------------------------------------------------------------------------+
; Port ; Type   ; Severity ; Details                                                                             ;
+------+--------+----------+-------------------------------------------------------------------------------------+
; Qbar ; Output ; Info     ; Connected to dangling logic. Logic that only feeds a dangling port will be removed. ;
+------+--------+----------+-------------------------------------------------------------------------------------+


+----------------------------------------------------------------------------------------------------------------+
; Port Connectivity Checks: "BinaryCounter:comb_3|TFlipFlop:comb_12"                                             ;
+------+--------+----------+-------------------------------------------------------------------------------------+
; Port ; Type   ; Severity ; Details                                                                             ;
+------+--------+----------+-------------------------------------------------------------------------------------+
; Qbar ; Output ; Info     ; Connected to dangling logic. Logic that only feeds a dangling port will be removed. ;
+------+--------+----------+-------------------------------------------------------------------------------------+


+----------------------------------------------------------------------------------------------------------------+
; Port Connectivity Checks: "BinaryCounter:comb_3|TFlipFlop:comb_10"                                             ;
+------+--------+----------+-------------------------------------------------------------------------------------+
; Port ; Type   ; Severity ; Details                                                                             ;
+------+--------+----------+-------------------------------------------------------------------------------------+
; Qbar ; Output ; Info     ; Connected to dangling logic. Logic that only feeds a dangling port will be removed. ;
+------+--------+----------+-------------------------------------------------------------------------------------+


+----------------------------------------------------------------------------------------------------------------+
; Port Connectivity Checks: "BinaryCounter:comb_3|TFlipFlop:comb_8"                                              ;
+------+--------+----------+-------------------------------------------------------------------------------------+
; Port ; Type   ; Severity ; Details                                                                             ;
+------+--------+----------+-------------------------------------------------------------------------------------+
; Qbar ; Output ; Info     ; Connected to dangling logic. Logic that only feeds a dangling port will be removed. ;
+------+--------+----------+-------------------------------------------------------------------------------------+


+----------------------------------------------------------------------------------------------------------------+
; Port Connectivity Checks: "BinaryCounter:comb_3|TFlipFlop:comb_6"                                              ;
+------+--------+----------+-------------------------------------------------------------------------------------+
; Port ; Type   ; Severity ; Details                                                                             ;
+------+--------+----------+-------------------------------------------------------------------------------------+
; Qbar ; Output ; Info     ; Connected to dangling logic. Logic that only feeds a dangling port will be removed. ;
+------+--------+----------+-------------------------------------------------------------------------------------+


+----------------------------------------------------------------------------------------------------------------+
; Port Connectivity Checks: "BinaryCounter:comb_3|TFlipFlop:comb_4"                                              ;
+------+--------+----------+-------------------------------------------------------------------------------------+
; Port ; Type   ; Severity ; Details                                                                             ;
+------+--------+----------+-------------------------------------------------------------------------------------+
; Qbar ; Output ; Info     ; Connected to dangling logic. Logic that only feeds a dangling port will be removed. ;
+------+--------+----------+-------------------------------------------------------------------------------------+


+----------------------------------------------------------------------------------------------------------------+
; Port Connectivity Checks: "BinaryCounter:comb_3|TFlipFlop:comb_3|DFlipFlop:comb_3|DLatchKevin:comb_4"          ;
+------+--------+----------+-------------------------------------------------------------------------------------+
; Port ; Type   ; Severity ; Details                                                                             ;
+------+--------+----------+-------------------------------------------------------------------------------------+
; Qbar ; Output ; Info     ; Connected to dangling logic. Logic that only feeds a dangling port will be removed. ;
+------+--------+----------+-------------------------------------------------------------------------------------+


+----------------------------------------------------------------------------------------------------------------+
; Port Connectivity Checks: "BinaryCounter:comb_3|TFlipFlop:comb_3"                                              ;
+------+--------+----------+-------------------------------------------------------------------------------------+
; Port ; Type   ; Severity ; Details                                                                             ;
+------+--------+----------+-------------------------------------------------------------------------------------+
; Qbar ; Output ; Info     ; Connected to dangling logic. Logic that only feeds a dangling port will be removed. ;
+------+--------+----------+-------------------------------------------------------------------------------------+


+-------------------------------+
; Elapsed Time Per Partition    ;
+----------------+--------------+
; Partition Name ; Elapsed Time ;
+----------------+--------------+
; Top            ; 00:00:00     ;
+----------------+--------------+


+-------------------------------+
; Analysis & Synthesis Messages ;
+-------------------------------+
Info: *******************************************************************
Info: Running Quartus II 64-Bit Analysis & Synthesis
    Info: Version 13.1.0 Build 162 10/23/2013 SJ Web Edition
    Info: Processing started: Fri Nov 15 16:43:58 2024
Info: Command: quartus_map --read_settings_files=on --write_settings_files=off TFlipFlop -c TFlipFlop
Info (11104): Parallel Compilation has detected 4 hyper-threaded processors. However, the extra hyper-threaded processors will not be used by default. Parallel Compilation will use 2 of the 2 physical processors detected instead.
Info (12021): Found 1 design units, including 1 entities, in source file /users/user/documents/kevinyang/dflipflop/dlatch.v
    Info (12023): Found entity 1: DLatchKevin
Info (12021): Found 1 design units, including 1 entities, in source file /users/user/documents/kevinyang/dflipflop/dflipflop.v
    Info (12023): Found entity 1: DFlipFlop
Info (12021): Found 1 design units, including 1 entities, in source file tflipfloptest.v
    Info (12023): Found entity 1: TFlipFlopTest
Info (12021): Found 1 design units, including 1 entities, in source file /users/user/documents/kevinyang/dflipflop/srnorlatch.v
    Info (12023): Found entity 1: SRNorLatch
Info (12021): Found 1 design units, including 1 entities, in source file tflipflop.v
    Info (12023): Found entity 1: TFlipFlop
Info (12021): Found 1 design units, including 1 entities, in source file binarycounter.v
    Info (12023): Found entity 1: BinaryCounter
Info (12021): Found 1 design units, including 1 entities, in source file binarycountertest.v
    Info (12023): Found entity 1: BinaryCounterTest
Critical Warning (10846): Verilog HDL Instantiation warning at DLatch.v(2): instance has no name
Critical Warning (10846): Verilog HDL Instantiation warning at DFlipFlop.v(4): instance has no name
Critical Warning (10846): Verilog HDL Instantiation warning at DFlipFlop.v(8): instance has no name
Critical Warning (10846): Verilog HDL Instantiation warning at TFlipFlop.v(2): instance has no name
Critical Warning (10846): Verilog HDL Instantiation warning at TFlipFlopTest.v(3): instance has no name
Critical Warning (10846): Verilog HDL Instantiation warning at BinaryCounter.v(3): instance has no name
Critical Warning (10846): Verilog HDL Instantiation warning at BinaryCounter.v(4): instance has no name
Critical Warning (10846): Verilog HDL Instantiation warning at BinaryCounter.v(5): instance has no name
Critical Warning (10846): Verilog HDL Instantiation warning at BinaryCounter.v(6): instance has no name
Critical Warning (10846): Verilog HDL Instantiation warning at BinaryCounter.v(7): instance has no name
Critical Warning (10846): Verilog HDL Instantiation warning at BinaryCounter.v(8): instance has no name
Critical Warning (10846): Verilog HDL Instantiation warning at BinaryCounter.v(9): instance has no name
Critical Warning (10846): Verilog HDL Instantiation warning at BinaryCounter.v(10): instance has no name
Critical Warning (10846): Verilog HDL Instantiation warning at BinaryCounterTest.v(2): instance has no name
Info (12127): Elaborating entity "BinaryCounterTest" for the top level hierarchy
Info (12128): Elaborating entity "BinaryCounter" for hierarchy "BinaryCounter:comb_3"
Info (12128): Elaborating entity "TFlipFlop" for hierarchy "BinaryCounter:comb_3|TFlipFlop:comb_3"
Info (12128): Elaborating entity "DFlipFlop" for hierarchy "BinaryCounter:comb_3|TFlipFlop:comb_3|DFlipFlop:comb_3"
Info (12128): Elaborating entity "DLatchKevin" for hierarchy "BinaryCounter:comb_3|TFlipFlop:comb_3|DFlipFlop:comb_3|DLatchKevin:comb_4"
Info (12128): Elaborating entity "SRNorLatch" for hierarchy "BinaryCounter:comb_3|TFlipFlop:comb_3|DFlipFlop:comb_3|DLatchKevin:comb_4|SRNorLatch:comb_3"
Info (286030): Timing-Driven Synthesis is running
Info (16010): Generating hard_block partition "hard_block:auto_generated_inst"
    Info (16011): Adding 0 node(s), including 0 DDIO, 0 PLL, 0 transceiver and 0 LCELL
Info (21057): Implemented 26 device resources after synthesis - the final resource count might be different
    Info (21058): Implemented 2 input pins
    Info (21059): Implemented 8 output pins
    Info (21061): Implemented 16 logic cells
Info: Quartus II 64-Bit Analysis & Synthesis was successful. 0 errors, 14 warnings
    Info: Peak virtual memory: 4628 megabytes
    Info: Processing ended: Fri Nov 15 16:44:00 2024
    Info: Elapsed time: 00:00:02
    Info: Total CPU time (on all processors): 00:00:02


